============================= test session starts ==============================
platform linux -- Python 3.12.12, pytest-7.4.4, pluggy-1.6.0 -- /home/jules/.pyenv/versions/3.12.12/bin/python3.12
cachedir: .pytest_cache
rootdir: /app
configfile: pytest.ini
plugins: mock-3.12.0, cov-4.1.0, asyncio-0.23.3, anyio-4.12.1, Faker-22.0.0
asyncio: mode=Mode.STRICT
collecting ... collected 41 items

tests/unit/test_auth_logging.py::test_callback_logs_mask_request_token PASSED [  2%]
tests/unit/test_auth_logging.py::test_callback_logs_mask_params_obj PASSED [  4%]
tests/unit/test_backtest_sequential.py::test_backtest_sequential_processing PASSED [  7%]
tests/unit/test_compliance_crash.py::test_compliance_module_imports PASSED [  9%]
tests/unit/test_compliance_crash.py::test_compliance_manager_init PASSED [ 12%]
tests/unit/test_compliance_crash.py::test_api_main_compliance_integration PASSED [ 14%]
tests/unit/test_equity_fee_repro.py::test_equity_intraday_fee_calculation PASSED [ 17%]
tests/unit/test_execution_engine.py::test_partial_fill_missing_exit_orders PASSED [ 19%]
tests/unit/test_execution_engine.py::test_execute_signal_success PASSED  [ 21%]
tests/unit/test_execution_engine.py::test_execute_signal_entry_rejected PASSED [ 24%]
tests/unit/test_execution_engine.py::test_execute_signal_timeout PASSED  [ 26%]
tests/unit/test_execution_engine.py::test_partial_fill_handling PASSED   [ 29%]
tests/unit/test_execution_engine.py::test_place_order_blocked_no_token_live PASSED [ 31%]
tests/unit/test_execution_engine.py::test_tp2_partial_coverage_bug PASSED [ 34%]
tests/unit/test_execution_engine.py::test_small_quantity_rounding PASSED [ 36%]
tests/unit/test_fee_calculation.py::test_options_fee_calculation PASSED  [ 39%]
tests/unit/test_fee_calculation.py::test_futures_fee_calculation PASSED  [ 41%]
tests/unit/test_historical_data_security.py::test_symbol_validation_valid PASSED [ 43%]
tests/unit/test_historical_data_security.py::test_symbol_validation_invalid_symbol PASSED [ 46%]
tests/unit/test_historical_data_security.py::test_symbol_validation_invalid_type PASSED [ 48%]
tests/unit/test_historical_data_security.py::test_historical_data_loader_path_traversal_check PASSED [ 51%]
tests/unit/test_historical_data_security.py::test_backtest_request_validation_invalid PASSED [ 53%]
tests/unit/test_historical_data_security.py::test_backtest_request_validation_valid PASSED [ 56%]
tests/unit/test_indicators.py::test_atr_correctness PASSED               [ 58%]
tests/unit/test_indicators.py::test_rsi_correctness PASSED               [ 60%]
tests/unit/test_indicators.py::test_adx_correctness PASSED               [ 63%]
tests/unit/test_indicators.py::test_bollinger_correctness PASSED         [ 65%]
tests/unit/test_kite_auth.py::TestKiteAuthUnit::test_exchange_request_token PASSED [ 68%]
tests/unit/test_kite_auth.py::TestKiteAuthUnit::test_get_login_url PASSED [ 70%]
tests/unit/test_kite_auth.py::TestKiteAuthUnit::test_is_session_valid_false PASSED [ 73%]
tests/unit/test_kite_auth.py::TestKiteAuthUnit::test_is_session_valid_true PASSED [ 75%]
tests/unit/test_oco_side_bug.py::TestOCOSideBug::test_child_order_sides_are_opposite_to_entry PASSED [ 78%]
tests/unit/test_orb_strategy.py::test_orb_strategy_logic_flow PASSED     [ 80%]
tests/unit/test_pandas_deprecation.py::test_pandas_future_warning_repro PASSED [ 82%]
tests/unit/test_risk.py::test_position_sizing_basic PASSED               [ 85%]
tests/unit/test_risk.py::test_position_sizing_lot_multiples PASSED       [ 87%]
tests/unit/test_risk.py::test_risk_check_passes PASSED                   [ 90%]
tests/unit/test_risk.py::test_risk_check_daily_loss_breach PASSED        [ 92%]
tests/unit/test_risk.py::test_risk_check_portfolio_heat_breach PASSED    [ 95%]
tests/unit/test_risk.py::test_fee_estimation PASSED                      [ 97%]
tests/unit/test_risk.py::test_margin_estimation PASSED                   [100%]

======================== 41 passed, 3 warnings in 5.87s ========================
